[demo.epic-webdesign.com/tf-howdy/v4/index.html]
[backblue.gif]
[fade.gif]
[index.html]
[cdnjs.cloudflare.com/ajax/libs/font-awesome/4.7.0/css/font-awesome.min.css]
[demo.epic-webdesign.com/tf-howdy/v4/images/favicon.ico]
[demo.epic-webdesign.com/tf-howdy/v4/index-2.html]
[demo.epic-webdesign.com/tf-howdy/v4/images/main-service1.png]
[demo.epic-webdesign.com/tf-howdy/v4/images/main-service2.png]
[demo.epic-webdesign.com/tf-howdy/v4/images/main-service3.png]
[demo.epic-webdesign.com/tf-howdy/v4/images/about-us.png]
[demo.epic-webdesign.com/tf-howdy/v4/images/portfolio6.jpg]
[demo.epic-webdesign.com/tf-howdy/v4/images/portfolio7.jpg]
[demo.epic-webdesign.com/tf-howdy/v4/images/portfolio5.jpg]
[demo.epic-webdesign.com/tf-howdy/v4/images/portfolio9.jpg]
[demo.epic-webdesign.com/tf-howdy/v4/images/portfolio3.jpg]
[demo.epic-webdesign.com/tf-howdy/v4/images/portfolio8.jpg]
[demo.epic-webdesign.com/tf-howdy/v4/images/testimonials.jpg]
[demo.epic-webdesign.com/tf-howdy/v4/images/team1a.jpg]
[demo.epic-webdesign.com/tf-howdy/v4/images/team2a.jpg]
[demo.epic-webdesign.com/tf-howdy/v4/images/team3a.jpg]
[demo.epic-webdesign.com/tf-howdy/v4/images/blog1.jpg]
[demo.epic-webdesign.com/tf-howdy/v4/images/blog2.jpg]
[demo.epic-webdesign.com/tf-howdy/v4/images/blog3.jpg]
[demo.epic-webdesign.com/tf-howdy/v4/js/jquery-1.11.3.min.js]
[demo.epic-webdesign.com/tf-howdy/v4/js/bootstrap.js]
[demo.epic-webdesign.com/tf-howdy/v4/js/owl.carousel.min.js]
[demo.epic-webdesign.com/tf-howdy/v4/js/jquery.scrollTo-min.js]
[demo.epic-webdesign.com/tf-howdy/v4/js/jquery.magnific-popup.min.js]
[demo.epic-webdesign.com/tf-howdy/v4/js/jquery.nav.js]
[demo.epic-webdesign.com/tf-howdy/v4/js/plugins.js]
[demo.epic-webdesign.com/tf-howdy/v4/js/custom.js]
[demo.epic-webdesign.com/tf-howdy/v4/index.html]
[demo.epic-webdesign.com/tf-howdy/v4/fonts/glyphicons-halflings-regular.23.delayed]
[demo.epic-webdesign.com/tf-howdy/v4/fonts/glyphicons-halflings-regular.24d41d.delayed]
[demo.epic-webdesign.com/tf-howdy/v4/fonts/glyphicons-halflings-regular.25.delayed]
[demo.epic-webdesign.com/tf-howdy/v4/fonts/glyphicons-halflings-regular.26.delayed]
[demo.epic-webdesign.com/tf-howdy/v4/fonts/glyphicons-halflings-regular.27.delayed]
[demo.epic-webdesign.com/tf-howdy/v4/fonts/glyphicons-halflings-regular.28.delayed]
[demo.epic-webdesign.com/tf-howdy/v4/css/bootstrap.css]
[demo.epic-webdesign.com/tf-howdy/v4/images/popup-video.29.delayed]
[demo.epic-webdesign.com/tf-howdy/v4/css/style.css]
[demo.epic-webdesign.com/tf-howdy/v4/css/style-magnific-popup.css]
[cdnjs.cloudflare.com/ajax/libs/font-awesome/4.7.0/css/font-awesome.min.css]
[demo.epic-webdesign.com/tf-howdy/v4/fonts/Pe-icon-7-strokebb1d.eot]
[demo.epic-webdesign.com/tf-howdy/v4/fonts/Pe-icon-7-stroked41d.eot]
[demo.epic-webdesign.com/tf-howdy/v4/fonts/Pe-icon-7-strokebb1d.woff]
[demo.epic-webdesign.com/tf-howdy/v4/fonts/Pe-icon-7-strokebb1d.ttf]
[demo.epic-webdesign.com/tf-howdy/v4/css/pe-icon-7-stroke.css]
[demo.epic-webdesign.com/tf-howdy/v4/css/helper.css]
[demo.epic-webdesign.com/tf-howdy/v4/css/owl.video.play.2f.delayed]
[demo.epic-webdesign.com/tf-howdy/v4/css/owl.carousel.min.css]
[demo.epic-webdesign.com/tf-howdy/v4/css/owl.theme.default.min.css]
[demo.epic-webdesign.com/tf-howdy/v4/index-2.html]
[demo.epic-webdesign.com/tf-howdy/v4/fonts/glyphicons-halflings-regular.html]
[demo.epic-webdesign.com/tf-howdy/v4/fonts/glyphicons-halflings-regulard41d.html]
[demo.epic-webdesign.com/tf-howdy/v4/fonts/glyphicons-halflings-regular-2.html]
[demo.epic-webdesign.com/tf-howdy/v4/fonts/glyphicons-halflings-regular-3.html]
[demo.epic-webdesign.com/tf-howdy/v4/fonts/glyphicons-halflings-regular-4.html]
[demo.epic-webdesign.com/tf-howdy/v4/fonts/glyphicons-halflings-regular-5.html]
[demo.epic-webdesign.com/tf-howdy/v4/images/popup-video.html]
[demo.epic-webdesign.com/tf-howdy/v4/fonts/Pe-icon-7-strokebb1d.svg]
[demo.epic-webdesign.com/tf-howdy/v4/css/owl.video.play.html]
